▲ Next.js 16.3.1 (Turbopack)
✓ Running next.config.mjs took 97ms

  Creating an optimized production build ...
✓ Compiled successfully in 9.2s
  Running TypeScript ...
  Finished TypeScript in 23.0s ...
  Collecting page data using 7 workers ...
  Generating static pages using 7 workers (0/4) ...
  Generating static pages using 7 workers (1/4) 
  Generating static pages using 7 workers (2/4) 
  Generating static pages using 7 workers (3/4) 
✓ Generating static pages using 7 workers (4/4) in 2.1s
  Finalizing page optimization ...

Route (app)
┌ ○ /
├ ○ /_not-found
├ ƒ /api/run
├ ƒ /api/schedule
├ ƒ /api/schedule/[handle]
├ ƒ /api/tick
├ ○ /console
└ ƒ /run/[handle]


○  (Static)   prerendered as static content
ƒ  (Dynamic)  server-rendered on demand

